---

Các trường hợp test:
PS D:\code\filevault\build> D:\code\filevault\build\bin\release\nist_test_vectors.exe
========================================
NIST Test Vectors Validation
========================================

>>> Testing AES-GCM NIST Vectors
========================================

Testing: NIST AES-256-GCM Test Case 1
  Key:       0000000000000000000000000000000000000000000000000000000000000000
  IV:        000000000000000000000000
  Plaintext: (empty)
  Result: [PASS]

Testing: NIST AES-256-GCM Test Case 2
  Key:       0000000000000000000000000000000000000000000000000000000000000000
  IV:        000000000000000000000000
  Plaintext: 00000000000000000000000000000000
  Result: [PASS]

Testing: NIST AES-128-GCM Test Case 3
  Key:       00000000000000000000000000000000
  IV:        000000000000000000000000
  Plaintext: 00000000000000000000000000000000
  Result: [PASS]

========================================
AES-GCM Summary:
  Passed: 3/3
  Failed: 0/3
========================================

>>> Testing Serpent-GCM Test Vectors
========================================

Testing: Serpent-256-GCM Test Case 1 (Empty)
  Key:       0000000000000000000000000000000000000000000000000000000000000000
  IV:        000000000000000000000000
  Plaintext: (empty)
  Ciphertext: (empty)
  Tag:        ad86de83231c3203a86ae33b721eaa9f
  Result: [PASS] (Round-trip successful)

Testing: Serpent-256-GCM Test Case 2 (16 bytes)
  Key:       0000000000000000000000000000000000000000000000000000000000000000
  IV:        000000000000000000000000
  Plaintext: 00000000000000000000000000000000
  Ciphertext: bc2c09f0b3fc63ce17f1be7f267e3e0a
  Tag:        a7188564deedd3af0497f34ec0ac58c0
  Result: [PASS] (Round-trip successful)

Testing: Serpent-256-GCM Test Case 3 (Known Text)
  Key:       0123456789abcdef0123456789abcdef0123456789abcdef0123456789abcdef
  IV:        0123456789abcdef01234567
  Plaintext: 48656c6c6f2c20576f726c6421
  Ciphertext: 6e4832b74a878d2a39b9a13806
  Tag:        85a4bdb0569d073abba75ed07af9865c
  Result: [PASS] (Round-trip successful)

Testing: Serpent-256-GCM Test Case 4 (With AAD)
  Key:       0123456789abcdef0123456789abcdef0123456789abcdef0123456789abcdef
  IV:        0123456789abcdef01234567
  Plaintext: 00112233445566778899aabbccddeeff
  AAD:       0001020304050607
  Ciphertext: 263c7ce861fecb0ade5267e7ebfb02c5
  Tag:        3a170fcc746cfac4498e962154dbd88b
  Result: [PASS] (Round-trip successful)

========================================
Serpent-GCM Summary:
  Passed: 4/4
  Failed: 0/4
========================================
PS D:\code\filevault\build> D:\code\filevault\build\bin\release\rainbow_table_test.exe
========================================
Rainbow Table Protection Test
========================================

Encrypting same plaintext 10 times with same password...

Encryption 1:
  Salt:       16 bytes
  Nonce:      12 bytes
  Ciphertext: 51 bytes
Encryption 2:
  Salt:       16 bytes
  Nonce:      12 bytes
  Ciphertext: 51 bytes
Encryption 3:
  Salt:       16 bytes
  Nonce:      12 bytes
  Ciphertext: 51 bytes
Encryption 4:
  Salt:       16 bytes
  Nonce:      12 bytes
  Ciphertext: 51 bytes
Encryption 5:
  Salt:       16 bytes
  Nonce:      12 bytes
  Ciphertext: 51 bytes
Encryption 6:
  Salt:       16 bytes
  Nonce:      12 bytes
  Ciphertext: 51 bytes
Encryption 7:
  Salt:       16 bytes
  Nonce:      12 bytes
  Ciphertext: 51 bytes
Encryption 8:
  Salt:       16 bytes
  Nonce:      12 bytes
  Ciphertext: 51 bytes
Encryption 9:
  Salt:       16 bytes
  Nonce:      12 bytes
  Ciphertext: 51 bytes
Encryption 10:
  Salt:       16 bytes
  Nonce:      12 bytes
  Ciphertext: 51 bytes

========================================
Verification
========================================

Test 1: Salt Uniqueness
  Total salts:  10
  Unique salts: 10
  Result: [PASS]

Test 2: Nonce Uniqueness
  Total nonces:  10
  Unique nonces: 10
  Result: [PASS]

Test 3: Ciphertext Uniqueness
  Total ciphertexts:  10
  Unique ciphertexts: 10
  Result: [PASS]

Test 4: No Plaintext Leakage
  Result: [PASS]

========================================
Summary:
  Rainbow Table Protection: [PASS]
========================================
PS D:\code\filevault\build> D:\code\filevault\build\bin\release\test_aes.exe
Randomness seeded to: 4292327713
===============================================================================
All tests passed (17 assertions in 2 test cases)

PS D:\code\filevault\build> D:\code\filevault\build\bin\release\test_archive.exe
Randomness seeded to: 2772525042

~~~~~~~~~~~~~~~~~~~~~~~~~~~~~~~~~~~~~~~~~~~~~~~~~~~~~~~~~~~~~~~~~~~~~~~~~~~~~~~
test_archive.exe is a Catch2 v3.11.0 host application.
Run with -? for options

-------------------------------------------------------------------------------
Archive Error Handling
  Non-existent file in create fails gracefully
-------------------------------------------------------------------------------
D:/code/filevault/tests/unit/archive/test_archive.cpp:302
...............................................................................

D:/code/filevault/tests/unit/archive/test_archive.cpp:302: FAILED:
  {Unknown expression after the reported line}
due to unexpected exception with message:
  File not found: nonexistent_file.txt

PS D:\code\filevault\build> D:\code\filevault\build\bin\release\test_chacha20.exe
Randomness seeded to: 3290170821
===============================================================================
All tests passed (32 assertions in 2 test cases)

PS D:\code\filevault\build> D:\code\filevault\build\bin\release\test_classical.exe
Randomness seeded to: 2560118707
===============================================================================
All tests passed (23 assertions in 5 test cases)

PS D:\code\filevault\build> D:\code\filevault\build\bin\release\test_compression.exe
Randomness seeded to: 1132302986
===============================================================================
All tests passed (20 assertions in 2 test cases)

PS D:\code\filevault\build> D:\code\filevault\build\bin\release\test_encrypt_decrypt_flow.exe
Randomness seeded to: 3128238721
[2025-11-26 08:42:30.650] [info] Initializing CryptoEngine...
[2025-11-26 08:42:30.650] [info] CryptoEngine initialized with 13 algorithms
[2025-11-26 08:42:30.797] [info] Initializing CryptoEngine...
[2025-11-26 08:42:30.798] [info] CryptoEngine initialized with 13 algorithms
[2025-11-26 08:42:30.948] [info] Initializing CryptoEngine...
[2025-11-26 08:42:30.949] [info] CryptoEngine initialized with 13 algorithms
[2025-11-26 08:42:31.104] [info] Initializing CryptoEngine...
[2025-11-26 08:42:31.105] [info] CryptoEngine initialized with 13 algorithms
===============================================================================
All tests passed (22 assertions in 3 test cases)

PS D:\code\filevault\build> D:\code\filevault\build\bin\release\test_hash.exe
Randomness seeded to: 323946510

~~~~~~~~~~~~~~~~~~~~~~~~~~~~~~~~~~~~~~~~~~~~~~~~~~~~~~~~~~~~~~~~~~~~~~~~~~~~~~~
test_hash.exe is a Catch2 v3.11.0 host application.
Run with -? for options

-------------------------------------------------------------------------------
SHA3-512 Test Vectors
  Empty string
-------------------------------------------------------------------------------
D:/code/filevault/tests/unit/crypto/test_hash.cpp:119
...............................................................................

D:/code/filevault/tests/unit/crypto/test_hash.cpp:121: FAILED:
  REQUIRE( result == "a69f73cca23a9ac5c8b567dc185a756e97c982164fe25859e0d1dcc1475c80a615b2123af1f5f94c11e3e9402c3ac558f500199d95b6d3e301758586281dcd26" )
with expansion:
  "A69F73CCA23A9AC5C8B567DC185A756E97C982164FE25859E0D1DCC1475C80A615B2123AF1F-
  5F94C11E3E9402C3AC558F500199D95B6D3E301758586281DCD26"
  ==
  "a69f73cca23a9ac5c8b567dc185a756e97c982164fe25859e0d1dcc1475c80a615b2123af1f-
  5f94c11e3e9402c3ac558f500199d95b6d3e301758586281dcd26"

-------------------------------------------------------------------------------
SHA3-512 Test Vectors
  abc
-------------------------------------------------------------------------------
D:/code/filevault/tests/unit/crypto/test_hash.cpp:124
...............................................................................

D:/code/filevault/tests/unit/crypto/test_hash.cpp:126: FAILED:
  REQUIRE( result == "b751850b1a57168a5693cd924b6b096e08f621827444f70d884f5d0240d2712e10e116e9192af3c91a7ec57647e3934057340b4cf408d5a56592f8274eec53f0" )
with expansion:
  "B751850B1A57168A5693CD924B6B096E08F621827444F70D884F5D0240D2712E10E116E9192-
  AF3C91A7EC57647E3934057340B4CF408D5A56592F8274EEC53F0"
  ==
  "b751850b1a57168a5693cd924b6b096e08f621827444f70d884f5d0240d2712e10e116e9192-
  af3c91a7ec57647e3934057340b4cf408d5a56592f8274eec53f0"

-------------------------------------------------------------------------------
SHA-384 Test Vectors
  Empty string
-------------------------------------------------------------------------------
D:/code/filevault/tests/unit/crypto/test_hash.cpp:89
...............................................................................

D:/code/filevault/tests/unit/crypto/test_hash.cpp:91: FAILED:
  REQUIRE( result == "38b060a751ac96384cd9327eb1b1e36a21fdb71114be07434c0cc7bf63f6e1da274edebfe76f65fbd51ad2f14898b95b" )
with expansion:
  "38B060A751AC96384CD9327EB1B1E36A21FDB71114BE07434C0CC7BF63F6E1DA274EDEBFE76-
  F65FBD51AD2F14898B95B"
  ==
  "38b060a751ac96384cd9327eb1b1e36a21fdb71114be07434c0cc7bf63f6e1da274edebfe76-
  f65fbd51ad2f14898b95b"

-------------------------------------------------------------------------------
SHA-384 Test Vectors
  abc
-------------------------------------------------------------------------------
D:/code/filevault/tests/unit/crypto/test_hash.cpp:94
...............................................................................

D:/code/filevault/tests/unit/crypto/test_hash.cpp:96: FAILED:
  REQUIRE( result == "cb00753f45a35e8bb5a03d699ac65007272c32ab0eded1631a8b605a43ff5bed8086072ba1e7cc2358baeca134c825a7" )
with expansion:
  "CB00753F45A35E8BB5A03D699AC65007272C32AB0EDED1631A8B605A43FF5BED8086072BA1E-
  7CC2358BAECA134C825A7"
  ==
  "cb00753f45a35e8bb5a03d699ac65007272c32ab0eded1631a8b605a43ff5bed8086072ba1e-
  7cc2358baeca134c825a7"

-------------------------------------------------------------------------------
BLAKE2b-256 Test Vectors
  Empty string
-------------------------------------------------------------------------------
D:/code/filevault/tests/unit/crypto/test_hash.cpp:146
...............................................................................

D:/code/filevault/tests/unit/crypto/test_hash.cpp:148: FAILED:
  REQUIRE( result == "0e5751c026e543b2e8ab2eb06099daa1d1e5df47778f7787faab45cdf12fe3a8" )       
with expansion:
  "0E5751C026E543B2E8AB2EB06099DAA1D1E5DF47778F7787FAAB45CDF12FE3A8"
  ==
  "0e5751c026e543b2e8ab2eb06099daa1d1e5df47778f7787faab45cdf12fe3a8"

-------------------------------------------------------------------------------
SHA3-256 NIST Test Vectors
  Empty string
-------------------------------------------------------------------------------
D:/code/filevault/tests/unit/crypto/test_hash.cpp:104
...............................................................................

D:/code/filevault/tests/unit/crypto/test_hash.cpp:106: FAILED:
  REQUIRE( result == "a7ffc6f8bf1ed76651c14756a061d662f580ff4de43b49fa82d80a4b80f8434a" )       
with expansion:
  "A7FFC6F8BF1ED76651C14756A061D662F580FF4DE43B49FA82D80A4B80F8434A"
  ==
  "a7ffc6f8bf1ed76651c14756a061d662f580ff4de43b49fa82d80a4b80f8434a"

-------------------------------------------------------------------------------
SHA3-256 NIST Test Vectors
  abc
-------------------------------------------------------------------------------
D:/code/filevault/tests/unit/crypto/test_hash.cpp:109
...............................................................................

D:/code/filevault/tests/unit/crypto/test_hash.cpp:111: FAILED:
  REQUIRE( result == "3a985da74fe225b2045c172d6bd390bd855f086e3e9d525b46bfe24511431532" )       
with expansion:
  "3A985DA74FE225B2045C172D6BD390BD855F086E3E9D525B46BFE24511431532"
  ==
  "3a985da74fe225b2045c172d6bd390bd855f086e3e9d525b46bfe24511431532"

-------------------------------------------------------------------------------
HMAC-SHA256 Test Vectors
  Test Case 1
-------------------------------------------------------------------------------
D:/code/filevault/tests/unit/crypto/test_hash.cpp:156
...............................................................................

D:/code/filevault/tests/unit/crypto/test_hash.cpp:170: FAILED:
  REQUIRE( Botan::hex_encode(result) == expected )
with expansion:
  "B0344C61D8DB38535CA8AFCEAF0BF12B881DC200C9833DA726E9376C2E32CFF7"
  ==
  "b0344c61d8db38535ca8afceaf0bf12b881dc200c9833da726e9376c2e32cff7"

-------------------------------------------------------------------------------
HMAC-SHA256 Test Vectors
  Test Case 2
-------------------------------------------------------------------------------
D:/code/filevault/tests/unit/crypto/test_hash.cpp:173
...............................................................................

D:/code/filevault/tests/unit/crypto/test_hash.cpp:188: FAILED:
  REQUIRE( Botan::hex_encode(result) == expected )
with expansion:
  "5BDCC146BF60754E6A042426089575C75A003F089D2739839DEC58B964EC3843"
  ==
  "5bdcc146bf60754e6a042426089575c75a003f089d2739839dec58b964ec3843"

-------------------------------------------------------------------------------
BLAKE2b-512 Test Vectors
  Empty string
-------------------------------------------------------------------------------
D:/code/filevault/tests/unit/crypto/test_hash.cpp:134
...............................................................................

D:/code/filevault/tests/unit/crypto/test_hash.cpp:136: FAILED:
  REQUIRE( result == "786a02f742015903c6c6fd852552d272912f4740e15847618a86e217f71f5419d25e1031afee585313896444934eb04b903a685b1448b755d56f701afe9be2ce" )
with expansion:
  "786A02F742015903C6C6FD852552D272912F4740E15847618A86E217F71F5419D25E1031AFE-
  E585313896444934EB04B903A685B1448B755D56F701AFE9BE2CE"
  ==
  "786a02f742015903c6c6fd852552d272912f4740e15847618a86e217f71f5419d25e1031afe-
  e585313896444934eb04b903a685b1448b755d56f701afe9be2ce"

-------------------------------------------------------------------------------
BLAKE2b-512 Test Vectors
  abc
-------------------------------------------------------------------------------
D:/code/filevault/tests/unit/crypto/test_hash.cpp:139
...............................................................................

D:/code/filevault/tests/unit/crypto/test_hash.cpp:141: FAILED:
  REQUIRE( result == "ba80a53f981c4d0d6a2797b69f12f6e94c212f14685ac4b74b12bb6fdbffa2d17d87c5392aab792dc252d5de4533cc9518d38aa8dbf1925ab92386edd4009923" )
with expansion:
  "BA80A53F981C4D0D6A2797B69F12F6E94C212F14685AC4B74B12BB6FDBFFA2D17D87C5392AA-
  B792DC252D5DE4533CC9518D38AA8DBF1925AB92386EDD4009923"
  ==
  "ba80a53f981c4d0d6a2797b69f12f6e94c212f14685ac4b74b12bb6fdbffa2d17d87c5392aa-
  b792dc252d5de4533cc9518d38aa8dbf1925ab92386edd4009923"

-------------------------------------------------------------------------------
SHA-256 NIST Test Vectors
  Empty string
-------------------------------------------------------------------------------
D:/code/filevault/tests/unit/crypto/test_hash.cpp:38
...............................................................................

D:/code/filevault/tests/unit/crypto/test_hash.cpp:41: FAILED:
  REQUIRE( result == "e3b0c44298fc1c149afbf4c8996fb92427ae41e4649b934ca495991b7852b855" )       
with expansion:
  "E3B0C44298FC1C149AFBF4C8996FB92427AE41E4649B934CA495991B7852B855"
  ==
  "e3b0c44298fc1c149afbf4c8996fb92427ae41e4649b934ca495991b7852b855"

-------------------------------------------------------------------------------
SHA-256 NIST Test Vectors
  abc
-------------------------------------------------------------------------------
D:/code/filevault/tests/unit/crypto/test_hash.cpp:44
...............................................................................

D:/code/filevault/tests/unit/crypto/test_hash.cpp:47: FAILED:
  REQUIRE( result == "ba7816bf8f01cfea414140de5dae2223b00361a396177a9cb410ff61f20015ad" )       
with expansion:
  "BA7816BF8F01CFEA414140DE5DAE2223B00361A396177A9CB410FF61F20015AD"
  ==
  "ba7816bf8f01cfea414140de5dae2223b00361a396177a9cb410ff61f20015ad"

-------------------------------------------------------------------------------
SHA-256 NIST Test Vectors
  448-bit message
-------------------------------------------------------------------------------
D:/code/filevault/tests/unit/crypto/test_hash.cpp:50
...............................................................................

D:/code/filevault/tests/unit/crypto/test_hash.cpp:54: FAILED:
  REQUIRE( result == "248d6a61d20638b8e5c026930c3e6039a33ce45964ff2167f6ecedd419db06c1" )       
with expansion:
  "248D6A61D20638B8E5C026930C3E6039A33CE45964FF2167F6ECEDD419DB06C1"
  ==
  "248d6a61d20638b8e5c026930c3e6039a33ce45964ff2167f6ecedd419db06c1"

-------------------------------------------------------------------------------
SHA-256 NIST Test Vectors
  896-bit message
-------------------------------------------------------------------------------
D:/code/filevault/tests/unit/crypto/test_hash.cpp:57
...............................................................................

D:/code/filevault/tests/unit/crypto/test_hash.cpp:60: FAILED:
  REQUIRE( result == "cf5b16a778af8380036ce59e7b0492370b249b11e8f07a51afac45037afee9d1" )       
with expansion:
  "CF5B16A778AF8380036CE59E7B0492370B249B11E8F07A51AFAC45037AFEE9D1"
  ==
  "cf5b16a778af8380036ce59e7b0492370b249b11e8f07a51afac45037afee9d1"

-------------------------------------------------------------------------------
SHA-512 NIST Test Vectors
  Empty string
-------------------------------------------------------------------------------
D:/code/filevault/tests/unit/crypto/test_hash.cpp:68
...............................................................................

D:/code/filevault/tests/unit/crypto/test_hash.cpp:70: FAILED:
  REQUIRE( result == "cf83e1357eefb8bdf1542850d66d8007d620e4050b5715dc83f4a921d36ce9ce47d0d13c5d85f2b0ff8318d2877eec2f63b931bd47417a81a538327af927da3e" )
with expansion:
  "CF83E1357EEFB8BDF1542850D66D8007D620E4050B5715DC83F4A921D36CE9CE47D0D13C5D8-
  5F2B0FF8318D2877EEC2F63B931BD47417A81A538327AF927DA3E"
  ==
  "cf83e1357eefb8bdf1542850d66d8007d620e4050b5715dc83f4a921d36ce9ce47d0d13c5d8-
  5f2b0ff8318d2877eec2f63b931bd47417a81a538327af927da3e"

-------------------------------------------------------------------------------
SHA-512 NIST Test Vectors
  abc
-------------------------------------------------------------------------------
D:/code/filevault/tests/unit/crypto/test_hash.cpp:73
...............................................................................

D:/code/filevault/tests/unit/crypto/test_hash.cpp:75: FAILED:
  REQUIRE( result == "ddaf35a193617abacc417349ae20413112e6fa4e89a97ea20a9eeee64b55d39a2192992a274fc1a836ba3c23a3feebbd454d4423643ce80e2a9ac94fa54ca49f" )
with expansion:
  "DDAF35A193617ABACC417349AE20413112E6FA4E89A97EA20A9EEEE64B55D39A2192992A274-
  FC1A836BA3C23A3FEEBBD454D4423643CE80E2A9AC94FA54CA49F"
  ==
  "ddaf35a193617abacc417349ae20413112e6fa4e89a97ea20a9eeee64b55d39a2192992a274-
  fc1a836ba3c23a3feebbd454d4423643ce80e2a9ac94fa54ca49f"

-------------------------------------------------------------------------------
SHA-512 NIST Test Vectors
  448-bit message
-------------------------------------------------------------------------------
D:/code/filevault/tests/unit/crypto/test_hash.cpp:78
...............................................................................

D:/code/filevault/tests/unit/crypto/test_hash.cpp:81: FAILED:
  REQUIRE( result == "204a8fc6dda82f0a0ced7beb8e08a41657c16ef468b228a8279be331a703c33596fd15c13b1b07f9aa1d3bea57789ca031ad85c7a71dd70354ec631238ca3445" )
with expansion:
  "204A8FC6DDA82F0A0CED7BEB8E08A41657C16EF468B228A8279BE331A703C33596FD15C13B1-
  B07F9AA1D3BEA57789CA031AD85C7A71DD70354EC631238CA3445"
  ==
  "204a8fc6dda82f0a0ced7beb8e08a41657c16ef468b228a8279be331a703c33596fd15c13b1-
  b07f9aa1d3bea57789ca031ad85c7a71dd70354ec631238ca3445"

-------------------------------------------------------------------------------
Legacy Hash Functions
  MD5 computes correctly (DO NOT USE FOR SECURITY)
-------------------------------------------------------------------------------
D:/code/filevault/tests/unit/crypto/test_hash.cpp:268
...............................................................................

D:/code/filevault/tests/unit/crypto/test_hash.cpp:271: FAILED:
  REQUIRE( result == "d41d8cd98f00b204e9800998ecf8427e" )
with expansion:
  "D41D8CD98F00B204E9800998ECF8427E"
  ==
  "d41d8cd98f00b204e9800998ecf8427e"

-------------------------------------------------------------------------------
Legacy Hash Functions
  SHA-1 computes correctly (DO NOT USE FOR SECURITY)
-------------------------------------------------------------------------------
D:/code/filevault/tests/unit/crypto/test_hash.cpp:274
...............................................................................

D:/code/filevault/tests/unit/crypto/test_hash.cpp:277: FAILED:
  REQUIRE( result == "a9993e364706816aba3e25717850c26c9cd0d89d" )
with expansion:
  "A9993E364706816ABA3E25717850C26C9CD0D89D"
  ==
  "a9993e364706816aba3e25717850c26c9cd0d89d"

===============================================================================
test cases: 11 |  2 passed |  9 failed
assertions: 56 | 36 passed | 20 failed

PS D:\code\filevault\build> D:\code\filevault\build\bin\release\test_kdf.exe 
Randomness seeded to: 185094776
[2025-11-26 08:42:43.372] [info] Initializing CryptoEngine...
[2025-11-26 08:42:43.372] [info] CryptoEngine initialized with 13 algorithms
[2025-11-26 08:42:43.374] [info] Initializing CryptoEngine...
[2025-11-26 08:42:43.375] [info] CryptoEngine initialized with 13 algorithms
[2025-11-26 08:42:43.382] [info] Initializing CryptoEngine...
[2025-11-26 08:42:43.383] [info] CryptoEngine initialized with 13 algorithms
[2025-11-26 08:42:43.461] [info] Initializing CryptoEngine...
[2025-11-26 08:42:43.462] [info] CryptoEngine initialized with 13 algorithms
[2025-11-26 08:42:43.615] [info] Initializing CryptoEngine...
[2025-11-26 08:42:43.616] [info] CryptoEngine initialized with 13 algorithms
===============================================================================
All tests passed (7 assertions in 2 test cases)

PS D:\code\filevault\build> D:\code\filevault\build\bin\release\test_nonce_uniqueness.exe
Randomness seeded to: 2763082095

~~~~~~~~~~~~~~~~~~~~~~~~~~~~~~~~~~~~~~~~~~~~~~~~~~~~~~~~~~~~~~~~~~~~~~~~~~~~~~~
test_nonce_uniqueness.exe is a Catch2 v3.11.0 host application.
Run with -? for options

-------------------------------------------------------------------------------
Nonce uniqueness - AES-GCM
  Nonce reuse detection - catastrophic failure
-------------------------------------------------------------------------------
D:/code/filevault/tests/security/test_nonce_uniqueness.cpp:79
...............................................................................

D:/code/filevault/tests/security/test_nonce_uniqueness.cpp:113: warning:
  Nonce reuse allows attacker to XOR ciphertexts and learn plaintext XOR!

===============================================================================
All tests passed (24014 assertions in 5 test cases)

PS D:\code\filevault\build> D:\code\filevault\build\bin\release\test_salt_uniqueness.exe 
Randomness seeded to: 1653861723

~~~~~~~~~~~~~~~~~~~~~~~~~~~~~~~~~~~~~~~~~~~~~~~~~~~~~~~~~~~~~~~~~~~~~~~~~~~~~~~
test_salt_uniqueness.exe is a Catch2 v3.11.0 host application.
Run with -? for options

-------------------------------------------------------------------------------
Salt uniqueness
  Salt reuse allows rainbow table attacks
-------------------------------------------------------------------------------
D:/code/filevault/tests/security/test_salt_uniqueness.cpp:79
...............................................................................

D:/code/filevault/tests/security/test_salt_uniqueness.cpp:98: warning:
  Salt reuse allows rainbow table attacks! Always use unique salts.

-------------------------------------------------------------------------------
Salt size recommendations
  Minimum salt size is 16 bytes
-------------------------------------------------------------------------------
D:/code/filevault/tests/security/test_salt_uniqueness.cpp:138
...............................................................................

D:/code/filevault/tests/security/test_salt_uniqueness.cpp:142: warning:
  Minimum recommended salt size: 16 bytes (128 bits)

===============================================================================
All tests passed (10108 assertions in 5 test cases)

PS D:\code\filevault\build> D:\code\filevault\build\bin\release\test_steganography.exe
Randomness seeded to: 2578718601

~~~~~~~~~~~~~~~~~~~~~~~~~~~~~~~~~~~~~~~~~~~~~~~~~~~~~~~~~~~~~~~~~~~~~~~~~~~~~~~
test_steganography.exe is a Catch2 v3.11.0 host application.
Run with -? for options

-------------------------------------------------------------------------------
LSB Steganography Security Properties
  Same message, same image produces same stego
-------------------------------------------------------------------------------
D:/code/filevault/tests/unit/steganography/test_steganography.cpp:337
...............................................................................

D:/code/filevault/tests/unit/steganography/test_steganography.cpp:356: FAILED:
  {Unknown expression after the reported line}
due to unexpected exception with message:
  filesystem error: cannot remove: The process cannot access the file because
  it is being used by another process [test_security_out.bmp]

-------------------------------------------------------------------------------
LSB Steganography Security Properties
  Different messages produce different stegos
-------------------------------------------------------------------------------
D:/code/filevault/tests/unit/steganography/test_steganography.cpp:362
...............................................................................

D:/code/filevault/tests/unit/steganography/test_steganography.cpp:385: FAILED:
  {Unknown expression after the reported line}
due to unexpected exception with message:
  filesystem error: cannot remove: The process cannot access the file because
  it is being used by another process [test_security_out.bmp]

===============================================================================
test cases:  6 |  5 passed | 1 failed
assertions: 25 | 23 passed | 2 failed

PS D:\code\filevault\build> D:\code\filevault\build\bin\release\test_timing_attacks.exe
Randomness seeded to: 2425508218

~~~~~~~~~~~~~~~~~~~~~~~~~~~~~~~~~~~~~~~~~~~~~~~~~~~~~~~~~~~~~~~~~~~~~~~~~~~~~~~
test_timing_attacks.exe is a Catch2 v3.11.0 host application.
Run with -? for options

-------------------------------------------------------------------------------
Timing attacks - recommendations
  Security guidelines
-------------------------------------------------------------------------------
D:/code/filevault/tests/security/test_timing_attacks.cpp:346
...............................................................................

D:/code/filevault/tests/security/test_timing_attacks.cpp:347:
warning:
  SECURITY GUIDELINES:

D:/code/filevault/tests/security/test_timing_attacks.cpp:348:
warning:
  1. Always use Botan::constant_time_compare() for secret comparisons

D:/code/filevault/tests/security/test_timing_attacks.cpp:349:
warning:
  2. Avoid early-return on validation failures

D:/code/filevault/tests/security/test_timing_attacks.cpp:350:
warning:
  3. Use same error message for all authentication failures

D:/code/filevault/tests/security/test_timing_attacks.cpp:351:
warning:
  4. Don't branch on secret data

D:/code/filevault/tests/security/test_timing_attacks.cpp:352:
warning:
  5. Be aware of cache timing attacks on sensitive operations

-------------------------------------------------------------------------------
Timing attacks - position of error in tag
  Error at different positions takes same time
-------------------------------------------------------------------------------
D:/code/filevault/tests/security/test_timing_attacks.cpp:271
...............................................................................

D:/code/filevault/tests/security/test_timing_attacks.cpp:340: warning:
  Position-dependent timing detected - may leak information!

-------------------------------------------------------------------------------
Timing attacks - MAC verification
  AES-GCM constant-time tag verification
-------------------------------------------------------------------------------
D:/code/filevault/tests/security/test_timing_attacks.cpp:74
...............................................................................

D:/code/filevault/tests/security/test_timing_attacks.cpp:143: warning:
  Timing difference exceeds 10% - potential timing leak!

-------------------------------------------------------------------------------
Timing attacks - MAC verification
  ChaCha20-Poly1305 constant-time tag verification
-------------------------------------------------------------------------------
D:/code/filevault/tests/security/test_timing_attacks.cpp:150
...............................................................................

D:/code/filevault/tests/security/test_timing_attacks.cpp:201: warning:
  Timing difference exceeds 10%

===============================================================================
All tests passed (5 assertions in 4 test cases)

PS D:\code\filevault\build> D:\code\filevault\build\bin\release\test_twofish.exe
Randomness seeded to: 1892521515
===============================================================================
All tests passed (57 assertions in 7 test cases)

===
 Plaintext: (empty)
  Ciphertext: (empty)
  Tag:        ad86de83231c3203a86ae33b721eaa9f
  Result: [PASS] (Round-trip successful)

Testing: Serpent-256-GCM Test Case 2 (16 bytes)
  Key:       0000000000000000000000000000000000000000000000000000000000000000
  IV:        000000000000000000000000
  Plaintext: 00000000000000000000000000000000
  Ciphertext: bc2c09f0b3fc63ce17f1be7f267e3e0a
  Tag:        a7188564deedd3af0497f34ec0ac58c0
  Result: [PASS] (Round-trip successful)

Testing: Serpent-256-GCM Test Case 3 (Known Text)
  Key:       0123456789abcdef0123456789abcdef0123456789abcdef0123456789abcdef
  IV:        0123456789abcdef01234567
  Plaintext: 48656c6c6f2c20576f726c6421
  Ciphertext: 6e4832b74a878d2a39b9a13806
  Tag:        85a4bdb0569d073abba75ed07af9865c
  Result: [PASS] (Round-trip successful)

Testing: Serpent-256-GCM Test Case 4 (With AAD)
  Key:       0123456789abcdef0123456789abcdef0123456789abcdef0123456789abcdef
  IV:        0123456789abcdef01234567
  Plaintext: 00112233445566778899aabbccddeeff
  AAD:       0001020304050607
  Ciphertext: 263c7ce861fecb0ade5267e7ebfb02c5
  Tag:        3a170fcc746cfac4498e962154dbd88b
  Result: [PASS] (Round-trip successful)

========================================
Serpent-GCM Summary:
  Passed: 4/4
  Failed: 0/4
========================================
PS D:\code\filevault\build> D:\code\filevault\build\bin\release\rainbow_table_test.exe
========================================
Rainbow Table Protection Test
========================================

Encrypting same plaintext 10 times with same password...

Encryption 1:
  Salt:       16 bytes
  Nonce:      12 bytes
  Ciphertext: 51 bytes
Encryption 2:
  Salt:       16 bytes
  Nonce:      12 bytes
  Ciphertext: 51 bytes
Encryption 3:
  Salt:       16 bytes
  Nonce:      12 bytes
  Ciphertext: 51 bytes
Encryption 4:
  Salt:       16 bytes
  Nonce:      12 bytes
  Ciphertext: 51 bytes
Encryption 5:
  Salt:       16 bytes
  Nonce:      12 bytes
  Ciphertext: 51 bytes
Encryption 6:
  Salt:       16 bytes
  Nonce:      12 bytes
  Ciphertext: 51 bytes
Encryption 7:
  Salt:       16 bytes
  Nonce:      12 bytes
  Ciphertext: 51 bytes
Encryption 8:
  Salt:       16 bytes
  Nonce:      12 bytes
  Ciphertext: 51 bytes
Encryption 9:
  Salt:       16 bytes
  Nonce:      12 bytes
  Ciphertext: 51 bytes
Encryption 10:
  Salt:       16 bytes
  Nonce:      12 bytes
  Ciphertext: 51 bytes

========================================
Verification
========================================

Test 1: Salt Uniqueness
  Total salts:  10
  Unique salts: 10
  Result: [PASS]

Test 2: Nonce Uniqueness
  Total nonces:  10
  Unique nonces: 10
  Result: [PASS]

Test 3: Ciphertext Uniqueness
  Total ciphertexts:  10
  Unique ciphertexts: 10
  Result: [PASS]

Test 4: No Plaintext Leakage
  Result: [PASS]

========================================
Summary:
  Rainbow Table Protection: [PASS]
========================================
PS D:\code\filevault\build> D:\code\filevault\build\bin\release\test_aes.exe
Randomness seeded to: 4292327713
===============================================================================
All tests passed (17 assertions in 2 test cases)

PS D:\code\filevault\build> D:\code\filevault\build\bin\release\test_archive.exe
Randomness seeded to: 2772525042

~~~~~~~~~~~~~~~~~~~~~~~~~~~~~~~~~~~~~~~~~~~~~~~~~~~~~~~~~~~~~~~~~~~~~~~~~~~~~~~
test_archive.exe is a Catch2 v3.11.0 host application.
Run with -? for options

-------------------------------------------------------------------------------
Archive Error Handling
  Non-existent file in create fails gracefully
-------------------------------------------------------------------------------
D:/code/filevault/tests/unit/archive/test_archive.cpp:302
...............................................................................

D:/code/filevault/tests/unit/archive/test_archive.cpp:302: FAILED:
  {Unknown expression after the reported line}
due to unexpected exception with message:
  File not found: nonexistent_file.txt

PS D:\code\filevault\build> D:\code\filevault\build\bin\release\test_chacha20.exe
Randomness seeded to: 3290170821
===============================================================================
All tests passed (32 assertions in 2 test cases)

PS D:\code\filevault\build> D:\code\filevault\build\bin\release\test_classical.exe
Randomness seeded to: 2560118707
===============================================================================
All tests passed (23 assertions in 5 test cases)

PS D:\code\filevault\build> D:\code\filevault\build\bin\release\test_compression.exe
Randomness seeded to: 1132302986
===============================================================================
All tests passed (20 assertions in 2 test cases)

PS D:\code\filevault\build> D:\code\filevault\build\bin\release\test_encrypt_decrypt_flow.exe
Randomness seeded to: 3128238721
[2025-11-26 08:42:30.650] [info] Initializing CryptoEngine...
[2025-11-26 08:42:30.650] [info] CryptoEngine initialized with 13 algorithms
[2025-11-26 08:42:30.797] [info] Initializing CryptoEngine...
[2025-11-26 08:42:30.798] [info] CryptoEngine initialized with 13 algorithms
[2025-11-26 08:42:30.948] [info] Initializing CryptoEngine...
[2025-11-26 08:42:30.949] [info] CryptoEngine initialized with 13 algorithms
[2025-11-26 08:42:31.104] [info] Initializing CryptoEngine...
[2025-11-26 08:42:31.105] [info] CryptoEngine initialized with 13 algorithms
===============================================================================
All tests passed (22 assertions in 3 test cases)

PS D:\code\filevault\build> D:\code\filevault\build\bin\release\test_hash.exe
Randomness seeded to: 323946510

~~~~~~~~~~~~~~~~~~~~~~~~~~~~~~~~~~~~~~~~~~~~~~~~~~~~~~~~~~~~~~~~~~~~~~~~~~~~~~~
test_hash.exe is a Catch2 v3.11.0 host application.
Run with -? for options

-------------------------------------------------------------------------------
SHA3-512 Test Vectors
  Empty string
-------------------------------------------------------------------------------
D:/code/filevault/tests/unit/crypto/test_hash.cpp:119
...............................................................................

D:/code/filevault/tests/unit/crypto/test_hash.cpp:121: FAILED:
  REQUIRE( result == "a69f73cca23a9ac5c8b567dc185a756e97c982164fe25859e0d1dcc1475c80a615b2123af1f5f94c11e3e9402c3ac558f500199d95b6d3e301758586281dcd26" )
with expansion:
  "A69F73CCA23A9AC5C8B567DC185A756E97C982164FE25859E0D1DCC1475C80A615B2123AF1F-
  5F94C11E3E9402C3AC558F500199D95B6D3E301758586281DCD26"
  ==
  "a69f73cca23a9ac5c8b567dc185a756e97c982164fe25859e0d1dcc1475c80a615b2123af1f-
  5f94c11e3e9402c3ac558f500199d95b6d3e301758586281dcd26"

-------------------------------------------------------------------------------
SHA3-512 Test Vectors
  abc
-------------------------------------------------------------------------------
D:/code/filevault/tests/unit/crypto/test_hash.cpp:124
...............................................................................

D:/code/filevault/tests/unit/crypto/test_hash.cpp:126: FAILED:
  REQUIRE( result == "b751850b1a57168a5693cd924b6b096e08f621827444f70d884f5d0240d2712e10e116e9192af3c91a7ec57647e3934057340b4cf408d5a56592f8274eec53f0" )
with expansion:
  "B751850B1A57168A5693CD924B6B096E08F621827444F70D884F5D0240D2712E10E116E9192-
  AF3C91A7EC57647E3934057340B4CF408D5A56592F8274EEC53F0"
  ==
  "b751850b1a57168a5693cd924b6b096e08f621827444f70d884f5d0240d2712e10e116e9192-
  af3c91a7ec57647e3934057340b4cf408d5a56592f8274eec53f0"

-------------------------------------------------------------------------------
SHA-384 Test Vectors
  Empty string
-------------------------------------------------------------------------------
D:/code/filevault/tests/unit/crypto/test_hash.cpp:89
...............................................................................

D:/code/filevault/tests/unit/crypto/test_hash.cpp:91: FAILED:
  REQUIRE( result == "38b060a751ac96384cd9327eb1b1e36a21fdb71114be07434c0cc7bf63f6e1da274edebfe76f65fbd51ad2f14898b95b" )
with expansion:
  "38B060A751AC96384CD9327EB1B1E36A21FDB71114BE07434C0CC7BF63F6E1DA274EDEBFE76-
  F65FBD51AD2F14898B95B"
  ==
  "38b060a751ac96384cd9327eb1b1e36a21fdb71114be07434c0cc7bf63f6e1da274edebfe76-
  f65fbd51ad2f14898b95b"

-------------------------------------------------------------------------------
SHA-384 Test Vectors
  abc
-------------------------------------------------------------------------------
D:/code/filevault/tests/unit/crypto/test_hash.cpp:94
...............................................................................

D:/code/filevault/tests/unit/crypto/test_hash.cpp:96: FAILED:
  REQUIRE( result == "cb00753f45a35e8bb5a03d699ac65007272c32ab0eded1631a8b605a43ff5bed8086072ba1e7cc2358baeca134c825a7" )
with expansion:
  "CB00753F45A35E8BB5A03D699AC65007272C32AB0EDED1631A8B605A43FF5BED8086072BA1E-
  7CC2358BAECA134C825A7"
  ==
  "cb00753f45a35e8bb5a03d699ac65007272c32ab0eded1631a8b605a43ff5bed8086072ba1e-
  7cc2358baeca134c825a7"

-------------------------------------------------------------------------------
BLAKE2b-256 Test Vectors
  Empty string
-------------------------------------------------------------------------------
D:/code/filevault/tests/unit/crypto/test_hash.cpp:146
...............................................................................

D:/code/filevault/tests/unit/crypto/test_hash.cpp:148: FAILED:
  REQUIRE( result == "0e5751c026e543b2e8ab2eb06099daa1d1e5df47778f7787faab45cdf12fe3a8" )       
with expansion:
  "0E5751C026E543B2E8AB2EB06099DAA1D1E5DF47778F7787FAAB45CDF12FE3A8"
  ==
  "0e5751c026e543b2e8ab2eb06099daa1d1e5df47778f7787faab45cdf12fe3a8"

-------------------------------------------------------------------------------
SHA3-256 NIST Test Vectors
  Empty string
-------------------------------------------------------------------------------
D:/code/filevault/tests/unit/crypto/test_hash.cpp:104
...............................................................................

D:/code/filevault/tests/unit/crypto/test_hash.cpp:106: FAILED:
  REQUIRE( result == "a7ffc6f8bf1ed76651c14756a061d662f580ff4de43b49fa82d80a4b80f8434a" )       
with expansion:
  "A7FFC6F8BF1ED76651C14756A061D662F580FF4DE43B49FA82D80A4B80F8434A"
  ==
  "a7ffc6f8bf1ed76651c14756a061d662f580ff4de43b49fa82d80a4b80f8434a"

-------------------------------------------------------------------------------
SHA3-256 NIST Test Vectors
  abc
-------------------------------------------------------------------------------
D:/code/filevault/tests/unit/crypto/test_hash.cpp:109
...............................................................................

D:/code/filevault/tests/unit/crypto/test_hash.cpp:111: FAILED:
  REQUIRE( result == "3a985da74fe225b2045c172d6bd390bd855f086e3e9d525b46bfe24511431532" )       
with expansion:
  "3A985DA74FE225B2045C172D6BD390BD855F086E3E9D525B46BFE24511431532"
  ==
  "3a985da74fe225b2045c172d6bd390bd855f086e3e9d525b46bfe24511431532"

-------------------------------------------------------------------------------
HMAC-SHA256 Test Vectors
  Test Case 1
-------------------------------------------------------------------------------
D:/code/filevault/tests/unit/crypto/test_hash.cpp:156
...............................................................................

D:/code/filevault/tests/unit/crypto/test_hash.cpp:170: FAILED:
  REQUIRE( Botan::hex_encode(result) == expected )
with expansion:
  "B0344C61D8DB38535CA8AFCEAF0BF12B881DC200C9833DA726E9376C2E32CFF7"
  ==
  "b0344c61d8db38535ca8afceaf0bf12b881dc200c9833da726e9376c2e32cff7"

-------------------------------------------------------------------------------
HMAC-SHA256 Test Vectors
  Test Case 2
-------------------------------------------------------------------------------
D:/code/filevault/tests/unit/crypto/test_hash.cpp:173
...............................................................................

D:/code/filevault/tests/unit/crypto/test_hash.cpp:188: FAILED:
  REQUIRE( Botan::hex_encode(result) == expected )
with expansion:
  "5BDCC146BF60754E6A042426089575C75A003F089D2739839DEC58B964EC3843"
  ==
  "5bdcc146bf60754e6a042426089575c75a003f089d2739839dec58b964ec3843"

-------------------------------------------------------------------------------
BLAKE2b-512 Test Vectors
  Empty string
-------------------------------------------------------------------------------
D:/code/filevault/tests/unit/crypto/test_hash.cpp:134
...............................................................................

D:/code/filevault/tests/unit/crypto/test_hash.cpp:136: FAILED:
  REQUIRE( result == "786a02f742015903c6c6fd852552d272912f4740e15847618a86e217f71f5419d25e1031afee585313896444934eb04b903a685b1448b755d56f701afe9be2ce" )
with expansion:
  "786A02F742015903C6C6FD852552D272912F4740E15847618A86E217F71F5419D25E1031AFE-
  E585313896444934EB04B903A685B1448B755D56F701AFE9BE2CE"
  ==
  "786a02f742015903c6c6fd852552d272912f4740e15847618a86e217f71f5419d25e1031afe-
  e585313896444934eb04b903a685b1448b755d56f701afe9be2ce"

-------------------------------------------------------------------------------
BLAKE2b-512 Test Vectors
  abc
-------------------------------------------------------------------------------
D:/code/filevault/tests/unit/crypto/test_hash.cpp:139
...............................................................................

D:/code/filevault/tests/unit/crypto/test_hash.cpp:141: FAILED:
  REQUIRE( result == "ba80a53f981c4d0d6a2797b69f12f6e94c212f14685ac4b74b12bb6fdbffa2d17d87c5392aab792dc252d5de4533cc9518d38aa8dbf1925ab92386edd4009923" )
with expansion:
  "BA80A53F981C4D0D6A2797B69F12F6E94C212F14685AC4B74B12BB6FDBFFA2D17D87C5392AA-
  B792DC252D5DE4533CC9518D38AA8DBF1925AB92386EDD4009923"
  ==
  "ba80a53f981c4d0d6a2797b69f12f6e94c212f14685ac4b74b12bb6fdbffa2d17d87c5392aa-
  b792dc252d5de4533cc9518d38aa8dbf1925ab92386edd4009923"

-------------------------------------------------------------------------------
SHA-256 NIST Test Vectors
  Empty string
-------------------------------------------------------------------------------
D:/code/filevault/tests/unit/crypto/test_hash.cpp:38
...............................................................................

D:/code/filevault/tests/unit/crypto/test_hash.cpp:41: FAILED:
  REQUIRE( result == "e3b0c44298fc1c149afbf4c8996fb92427ae41e4649b934ca495991b7852b855" )       
with expansion:
  "E3B0C44298FC1C149AFBF4C8996FB92427AE41E4649B934CA495991B7852B855"
  ==
  "e3b0c44298fc1c149afbf4c8996fb92427ae41e4649b934ca495991b7852b855"

-------------------------------------------------------------------------------
SHA-256 NIST Test Vectors
  abc
-------------------------------------------------------------------------------
D:/code/filevault/tests/unit/crypto/test_hash.cpp:44
...............................................................................

D:/code/filevault/tests/unit/crypto/test_hash.cpp:47: FAILED:
  REQUIRE( result == "ba7816bf8f01cfea414140de5dae2223b00361a396177a9cb410ff61f20015ad" )       
with expansion:
  "BA7816BF8F01CFEA414140DE5DAE2223B00361A396177A9CB410FF61F20015AD"
  ==
  "ba7816bf8f01cfea414140de5dae2223b00361a396177a9cb410ff61f20015ad"

-------------------------------------------------------------------------------
SHA-256 NIST Test Vectors
  448-bit message
-------------------------------------------------------------------------------
D:/code/filevault/tests/unit/crypto/test_hash.cpp:50
...............................................................................

D:/code/filevault/tests/unit/crypto/test_hash.cpp:54: FAILED:
  REQUIRE( result == "248d6a61d20638b8e5c026930c3e6039a33ce45964ff2167f6ecedd419db06c1" )       
with expansion:
  "248D6A61D20638B8E5C026930C3E6039A33CE45964FF2167F6ECEDD419DB06C1"
  ==
  "248d6a61d20638b8e5c026930c3e6039a33ce45964ff2167f6ecedd419db06c1"

-------------------------------------------------------------------------------
SHA-256 NIST Test Vectors
  896-bit message
-------------------------------------------------------------------------------
D:/code/filevault/tests/unit/crypto/test_hash.cpp:57
...............................................................................

D:/code/filevault/tests/unit/crypto/test_hash.cpp:60: FAILED:
  REQUIRE( result == "cf5b16a778af8380036ce59e7b0492370b249b11e8f07a51afac45037afee9d1" )       
with expansion:
  "CF5B16A778AF8380036CE59E7B0492370B249B11E8F07A51AFAC45037AFEE9D1"
  ==
  "cf5b16a778af8380036ce59e7b0492370b249b11e8f07a51afac45037afee9d1"

-------------------------------------------------------------------------------
SHA-512 NIST Test Vectors
  Empty string
-------------------------------------------------------------------------------
D:/code/filevault/tests/unit/crypto/test_hash.cpp:68
...............................................................................

D:/code/filevault/tests/unit/crypto/test_hash.cpp:70: FAILED:
  REQUIRE( result == "cf83e1357eefb8bdf1542850d66d8007d620e4050b5715dc83f4a921d36ce9ce47d0d13c5d85f2b0ff8318d2877eec2f63b931bd47417a81a538327af927da3e" )
with expansion:
  "CF83E1357EEFB8BDF1542850D66D8007D620E4050B5715DC83F4A921D36CE9CE47D0D13C5D8-
  5F2B0FF8318D2877EEC2F63B931BD47417A81A538327AF927DA3E"
  ==
  "cf83e1357eefb8bdf1542850d66d8007d620e4050b5715dc83f4a921d36ce9ce47d0d13c5d8-
  5f2b0ff8318d2877eec2f63b931bd47417a81a538327af927da3e"

-------------------------------------------------------------------------------
SHA-512 NIST Test Vectors
  abc
-------------------------------------------------------------------------------
D:/code/filevault/tests/unit/crypto/test_hash.cpp:73
...............................................................................

D:/code/filevault/tests/unit/crypto/test_hash.cpp:75: FAILED:
  REQUIRE( result == "ddaf35a193617abacc417349ae20413112e6fa4e89a97ea20a9eeee64b55d39a2192992a274fc1a836ba3c23a3feebbd454d4423643ce80e2a9ac94fa54ca49f" )
with expansion:
  "DDAF35A193617ABACC417349AE20413112E6FA4E89A97EA20A9EEEE64B55D39A2192992A274-
  FC1A836BA3C23A3FEEBBD454D4423643CE80E2A9AC94FA54CA49F"
  ==
  "ddaf35a193617abacc417349ae20413112e6fa4e89a97ea20a9eeee64b55d39a2192992a274-
  fc1a836ba3c23a3feebbd454d4423643ce80e2a9ac94fa54ca49f"

-------------------------------------------------------------------------------
SHA-512 NIST Test Vectors
  448-bit message
-------------------------------------------------------------------------------
D:/code/filevault/tests/unit/crypto/test_hash.cpp:78
...............................................................................

D:/code/filevault/tests/unit/crypto/test_hash.cpp:81: FAILED:
  REQUIRE( result == "204a8fc6dda82f0a0ced7beb8e08a41657c16ef468b228a8279be331a703c33596fd15c13b1b07f9aa1d3bea57789ca031ad85c7a71dd70354ec631238ca3445" )
with expansion:
  "204A8FC6DDA82F0A0CED7BEB8E08A41657C16EF468B228A8279BE331A703C33596FD15C13B1-
  B07F9AA1D3BEA57789CA031AD85C7A71DD70354EC631238CA3445"
  ==
  "204a8fc6dda82f0a0ced7beb8e08a41657c16ef468b228a8279be331a703c33596fd15c13b1-
  b07f9aa1d3bea57789ca031ad85c7a71dd70354ec631238ca3445"

-------------------------------------------------------------------------------
Legacy Hash Functions
  MD5 computes correctly (DO NOT USE FOR SECURITY)
-------------------------------------------------------------------------------
D:/code/filevault/tests/unit/crypto/test_hash.cpp:268
...............................................................................

D:/code/filevault/tests/unit/crypto/test_hash.cpp:271: FAILED:
  REQUIRE( result == "d41d8cd98f00b204e9800998ecf8427e" )
with expansion:
  "D41D8CD98F00B204E9800998ECF8427E"
  ==
  "d41d8cd98f00b204e9800998ecf8427e"

-------------------------------------------------------------------------------
Legacy Hash Functions
  SHA-1 computes correctly (DO NOT USE FOR SECURITY)
-------------------------------------------------------------------------------
D:/code/filevault/tests/unit/crypto/test_hash.cpp:274
...............................................................................

D:/code/filevault/tests/unit/crypto/test_hash.cpp:277: FAILED:
  REQUIRE( result == "a9993e364706816aba3e25717850c26c9cd0d89d" )
with expansion:
  "A9993E364706816ABA3E25717850C26C9CD0D89D"
  ==
  "a9993e364706816aba3e25717850c26c9cd0d89d"

===============================================================================
test cases: 11 |  2 passed |  9 failed
assertions: 56 | 36 passed | 20 failed

PS D:\code\filevault\build> D:\code\filevault\build\bin\release\test_kdf.exe 
Randomness seeded to: 185094776
[2025-11-26 08:42:43.372] [info] Initializing CryptoEngine...
[2025-11-26 08:42:43.372] [info] CryptoEngine initialized with 13 algorithms
[2025-11-26 08:42:43.374] [info] Initializing CryptoEngine...
[2025-11-26 08:42:43.375] [info] CryptoEngine initialized with 13 algorithms
[2025-11-26 08:42:43.382] [info] Initializing CryptoEngine...
[2025-11-26 08:42:43.383] [info] CryptoEngine initialized with 13 algorithms
[2025-11-26 08:42:43.461] [info] Initializing CryptoEngine...
[2025-11-26 08:42:43.462] [info] CryptoEngine initialized with 13 algorithms
[2025-11-26 08:42:43.615] [info] Initializing CryptoEngine...
[2025-11-26 08:42:43.616] [info] CryptoEngine initialized with 13 algorithms
===============================================================================
All tests passed (7 assertions in 2 test cases)

PS D:\code\filevault\build> D:\code\filevault\build\bin\release\test_nonce_uniqueness.exe
Randomness seeded to: 2763082095

~~~~~~~~~~~~~~~~~~~~~~~~~~~~~~~~~~~~~~~~~~~~~~~~~~~~~~~~~~~~~~~~~~~~~~~~~~~~~~~
test_nonce_uniqueness.exe is a Catch2 v3.11.0 host application.
Run with -? for options

-------------------------------------------------------------------------------
Nonce uniqueness - AES-GCM
  Nonce reuse detection - catastrophic failure
-------------------------------------------------------------------------------
D:/code/filevault/tests/security/test_nonce_uniqueness.cpp:79
...............................................................................

D:/code/filevault/tests/security/test_nonce_uniqueness.cpp:113: warning:
  Nonce reuse allows attacker to XOR ciphertexts and learn plaintext XOR!

===============================================================================
All tests passed (24014 assertions in 5 test cases)

PS D:\code\filevault\build> D:\code\filevault\build\bin\release\test_salt_uniqueness.exe 
Randomness seeded to: 1653861723

~~~~~~~~~~~~~~~~~~~~~~~~~~~~~~~~~~~~~~~~~~~~~~~~~~~~~~~~~~~~~~~~~~~~~~~~~~~~~~~
test_salt_uniqueness.exe is a Catch2 v3.11.0 host application.
Run with -? for options

-------------------------------------------------------------------------------
Salt uniqueness
  Salt reuse allows rainbow table attacks
-------------------------------------------------------------------------------
D:/code/filevault/tests/security/test_salt_uniqueness.cpp:79
...............................................................................

D:/code/filevault/tests/security/test_salt_uniqueness.cpp:98: warning:
  Salt reuse allows rainbow table attacks! Always use unique salts.

-------------------------------------------------------------------------------
Salt size recommendations
  Minimum salt size is 16 bytes
-------------------------------------------------------------------------------
D:/code/filevault/tests/security/test_salt_uniqueness.cpp:138
...............................................................................

D:/code/filevault/tests/security/test_salt_uniqueness.cpp:142: warning:
  Minimum recommended salt size: 16 bytes (128 bits)

===============================================================================
All tests passed (10108 assertions in 5 test cases)

PS D:\code\filevault\build> D:\code\filevault\build\bin\release\test_steganography.exe
Randomness seeded to: 2578718601

~~~~~~~~~~~~~~~~~~~~~~~~~~~~~~~~~~~~~~~~~~~~~~~~~~~~~~~~~~~~~~~~~~~~~~~~~~~~~~~
test_steganography.exe is a Catch2 v3.11.0 host application.
Run with -? for options

-------------------------------------------------------------------------------
LSB Steganography Security Properties
  Same message, same image produces same stego
-------------------------------------------------------------------------------
D:/code/filevault/tests/unit/steganography/test_steganography.cpp:337
...............................................................................

D:/code/filevault/tests/unit/steganography/test_steganography.cpp:356: FAILED:
  {Unknown expression after the reported line}
due to unexpected exception with message:
  filesystem error: cannot remove: The process cannot access the file because
  it is being used by another process [test_security_out.bmp]

-------------------------------------------------------------------------------
LSB Steganography Security Properties
  Different messages produce different stegos
-------------------------------------------------------------------------------
D:/code/filevault/tests/unit/steganography/test_steganography.cpp:362
...............................................................................

D:/code/filevault/tests/unit/steganography/test_steganography.cpp:385: FAILED:
  {Unknown expression after the reported line}
due to unexpected exception with message:
  filesystem error: cannot remove: The process cannot access the file because
  it is being used by another process [test_security_out.bmp]

===============================================================================
test cases:  6 |  5 passed | 1 failed
assertions: 25 | 23 passed | 2 failed

PS D:\code\filevault\build> D:\code\filevault\build\bin\release\test_timing_attacks.exe
Randomness seeded to: 2425508218

~~~~~~~~~~~~~~~~~~~~~~~~~~~~~~~~~~~~~~~~~~~~~~~~~~~~~~~~~~~~~~~~~~~~~~~~~~~~~~~
test_timing_attacks.exe is a Catch2 v3.11.0 host application.
Run with -? for options

-------------------------------------------------------------------------------
Timing attacks - recommendations
  Security guidelines
-------------------------------------------------------------------------------
D:/code/filevault/tests/security/test_timing_attacks.cpp:346
...............................................................................

D:/code/filevault/tests/security/test_timing_attacks.cpp:347:
warning:
  SECURITY GUIDELINES:

D:/code/filevault/tests/security/test_timing_attacks.cpp:348:
warning:
  1. Always use Botan::constant_time_compare() for secret comparisons

D:/code/filevault/tests/security/test_timing_attacks.cpp:349:
warning:
  2. Avoid early-return on validation failures

D:/code/filevault/tests/security/test_timing_attacks.cpp:350:
warning:
  3. Use same error message for all authentication failures

D:/code/filevault/tests/security/test_timing_attacks.cpp:351:
warning:
  4. Don't branch on secret data

D:/code/filevault/tests/security/test_timing_attacks.cpp:352:
warning:
  5. Be aware of cache timing attacks on sensitive operations
  5. Be aware of cache timing attacks on sensitive operations


-------------------------------------------------------------------------------
-------------------------------------------------------------------------------
Timing attacks - position of error in tag
Timing attacks - position of error in tag
  Error at different positions takes same time
  Error at different positions takes same time
-------------------------------------------------------------------------------
D:/code/filevault/tests/security/test_timing_attacks.cpp:271
-------------------------------------------------------------------------------
D:/code/filevault/tests/security/test_timing_attacks.cpp:271
...............................................................................

...............................................................................

D:/code/filevault/tests/security/test_timing_attacks.cpp:340: warning:
D:/code/filevault/tests/security/test_timing_attacks.cpp:340: warning:
  Position-dependent timing detected - may leak information!

  Position-dependent timing detected - may leak information!

-------------------------------------------------------------------------------
-------------------------------------------------------------------------------
Timing attacks - MAC verification
Timing attacks - MAC verification
  AES-GCM constant-time tag verification
  AES-GCM constant-time tag verification
-------------------------------------------------------------------------------
-------------------------------------------------------------------------------
D:/code/filevault/tests/security/test_timing_attacks.cpp:74
D:/code/filevault/tests/security/test_timing_attacks.cpp:74
...............................................................................
...............................................................................


D:/code/filevault/tests/security/test_timing_attacks.cpp:143: warning:
  Timing difference exceeds 10% - potential timing leak!

-------------------------------------------------------------------------------
-------------------------------------------------------------------------------
Timing attacks - MAC verification
  ChaCha20-Poly1305 constant-time tag verification
-------------------------------------------------------------------------------
Timing attacks - MAC verification
  ChaCha20-Poly1305 constant-time tag verification
-------------------------------------------------------------------------------
  ChaCha20-Poly1305 constant-time tag verification
-------------------------------------------------------------------------------
-------------------------------------------------------------------------------
D:/code/filevault/tests/security/test_timing_attacks.cpp:150
...............................................................................

D:/code/filevault/tests/security/test_timing_attacks.cpp:201: warning:
  Timing difference exceeds 10%

===============================================================================
All tests passed (5 assertions in 4 test cases)

PS D:\code\filevault\build> D:\code\filevault\build\bin\release\test_twofish.exe
Randomness seeded to: 1892521515
===============================================================================
All tests passed (57 assertions in 7 test cases)

PS D:\code\filevault\build> ^C
PS D:\code\filevault\build> cmake --build . --parallel
[6/6] Linking CXX executable bin\release\test_archive.exe
PS D:\code\filevault\build> cmake --build . --parallel
ninja: no work to do.
ninja: no work to do.
PS D:\code\filevault\build> cmake --build D:\code\filevault\build --parallel
PS D:\code\filevault\build> cmake --build D:\code\filevault\build --parallel
ninja: no work to do.
ninja: no work to do.
PS D:\code\filevault\build> cmake --build D:\code\filevault\build --target test_hash --target tePS D:\code\filevault\build> cmake --build D:\code\filevault\build --target test_hash --target test_archive --target test_steganography --clean-first
st_archive --target test_steganography --clean-first
[1/1] Cleaning all built files...
[1/1] Cleaning all built files...
Cleaning... 68 files.
[31/31] Linking CXX executable bin\release\test_hash.exe
PS D:\code\filevault\build> D:\code\filevault\build\bin\release\test_hash.exe
Randomness seeded to: 2669145019
===============================================================================
All tests passed (56 assertions in 11 test cases)


PS D:\code\filevault\build> D:\code\filevault\build\bin\release\test_archive.exe
Randomness seeded to: 2457530880
PS D:\code\filevault\build> D:\code\filevault\build\bin\release\test_archive.exe --reporter console
Randomness seeded to: 354784625
PS D:\code\filevault\build> D:\code\filevault\build\bin\release\test_archive.exe 2>&1
Randomness seeded to: 1923542842
PS D:\code\filevault\build> D:\code\filevault\build\bin\release\test_archive.exe --list-tests   
All available test cases:
  Archive Round-trip
      [archive][roundtrip]
  Archive List Files
      [archive][list]
  Archive Creation
      [archive][create]
  Archive Extraction
      [archive][extract]
  Archive Error Handling
      [archive][errors]
  FileEntry Serialization
      [archive][entry]
6 test cases

PS D:\code\filevault\build> ^C
PS D:\code\filevault\build> D:\code\filevault\build\bin\release\test_archive.exe "[archive][errors]" -v

Error(s) in input:
  Expected argument following -v
rs]" -v

Error(s) in input:
  Expected argument following -v

Run with -? for usage
rs]" -v

Error(s) in input:
  Expected argument following -v


Error(s) in input:
  Expected argument following -v

Error(s) in input:
  Expected argument following -v

  Expected argument following -v


Run with -? for usage

PS D:\code\filevault\build> D:\code\filevault\build\bin\release\test_archive.exe "Archive Error Handling" --verbosity high
Filters: "Archive Error Handling"
Randomness seeded to: 2265007145
PS D:\code\filevault\build> D:\code\filevault\build\bin\release\test_archive.exe "Archive Creation"
Filters: "Archive Creation"
Randomness seeded to: 242604463
===============================================================================
All tests passed (7 assertions in 1 test case)

PS D:\code\filevault\build> D:\code\filevault\build\bin\release\test_archive.exe "~Archive Error Handling"
Filters: "~Archive Error Handling"
Randomness seeded to: 2302315380
===============================================================================
All tests passed (42 assertions in 5 test cases)

PS D:\code\filevault\build> ^C
PS D:\code\filevault\build> $ErrorActionPreference='Continue'; D:\code\filevault\build\bin\release\test_archive.exe "Archive Error Handling" --success 2>&1 | Select-Object -First 100
Filters: "Archive Error Handling"
Randomness seeded to: 2019888787
Filters: "Archive Error Handling"
Randomness seeded to: 2019888787
Randomness seeded to: 2019888787

~~~~~~~~~~~~~~~~~~~~~~~~~~~~~~~~~~~~~~~~~~~~~~~~~~~~~~~~~~~~~~~~~~~~~~~~~~~~~~~
test_archive.exe is a Catch2 v3.11.0 host application.
Run with -? for options


~~~~~~~~~~~~~~~~~~~~~~~~~~~~~~~~~~~~~~~~~~~~~~~~~~~~~~~~~~~~~~~~~~~~~~~~~~~~~~~
test_archive.exe is a Catch2 v3.11.0 host application.
Run with -? for options

~~~~~~~~~~~~~~~~~~~~~~~~~~~~~~~~~~~~~~~~~~~~~~~~~~~~~~~~~~~~~~~~~~~~~~~~~~~~~~~
test_archive.exe is a Catch2 v3.11.0 host application.
Run with -? for options

test_archive.exe is a Catch2 v3.11.0 host application.
Run with -? for options

Run with -? for options


-------------------------------------------------------------------------------
-------------------------------------------------------------------------------
Archive Error Handling
Archive Error Handling
  Non-existent file in create fails gracefully
-------------------------------------------------------------------------------
D:/code/filevault/tests/unit/archive/test_archive.cpp:302
-------------------------------------------------------------------------------
D:/code/filevault/tests/unit/archive/test_archive.cpp:302
...............................................................................
D:/code/filevault/tests/unit/archive/test_archive.cpp:302
...............................................................................
...............................................................................


D:/code/filevault/tests/unit/archive/test_archive.cpp:306: PASSED:
D:/code/filevault/tests/unit/archive/test_archive.cpp:306: PASSED:
  REQUIRE_THROWS_AS( ArchiveFormat::create_archive(files), std::runtime_error )
  REQUIRE_THROWS_AS( ArchiveFormat::create_archive(files), std::runtime_error )

-------------------------------------------------------------------------------
Archive Error Handling
  Invalid archive data fails extraction
-------------------------------------------------------------------------------
D:/code/filevault/tests/unit/archive/test_archive.cpp:312
...............................................................................

D:/code/filevault/tests/unit/archive/test_archive.cpp:321: PASSED:
  REQUIRE_FALSE( success )
with expansion:
  !false

PS D:\code\filevault\build> Start-Process -FilePath "D:\code\filevault\build\bin\release\test_archive.exe" -ArgumentList '"Invalid archive data fails extraction"' -Wait -NoNewWindow
Filters: "Invalid archive data fails extraction"
Randomness seeded to: 842517015
No test cases matched '"Invalid archive data fails extraction"'
===============================================================================
No tests ran

PS D:\code\filevault\build> ^C
PS D:\code\filevault\build> D:\code\filevault\build\bin\release\test_archive.exe "Truncated archive fails extraction"
Filters: "Truncated archive fails extraction"
Randomness seeded to: 1283999113
No test cases matched '"Truncated archive fails extraction"'
===============================================================================
No tests ran

PS D:\code\filevault\build> cmake --build D:\code\filevault\build --target test_archive
[2/2] Linking CXX executable bin\release\test_archive.exe
PS D:\code\filevault\build> D:\code\filevault\build\bin\release\test_archive.exe
Randomness seeded to: 4147706260
===============================================================================
All tests passed (45 assertions in 6 test cases)

PS D:\code\filevault\build> D:\code\filevault\build\bin\release\test_steganography.exe
Randomness seeded to: 2404818157
===============================================================================
All tests passed (23 assertions in 6 test cases)

PS D:\code\filevault\build> cmake --build D:\code\filevault\build --parallel
[4/37] Building CXX object CMakeFiles/rainbow_table_test.dir/tests/rainbow_table_test.cpp.obj   
In file included from C:/msys64/ucrt64/include/c++/15.2.0/string:53,
                 from C:/msys64/ucrt64/include/c++/15.2.0/bits/locale_classes.h:42,
                 from C:/msys64/ucrt64/include/c++/15.2.0/bits/ios_base.h:43,
                 from C:/msys64/ucrt64/include/c++/15.2.0/ios:46,
                 from C:/msys64/ucrt64/include/c++/15.2.0/bits/ostream.h:43,
                 from C:/msys64/ucrt64/include/c++/15.2.0/ostream:42,
                 from C:/msys64/ucrt64/include/c++/15.2.0/iostream:43,
                 from D:/code/filevault/tests/rainbow_table_test.cpp:1:
In function 'constexpr decltype (__comp((* __first1), (* __first2))) std::lexicographical_compare_three_way(_InputIter1, _InputIter1, _InputIter2, _InputIter2, _Comp) [with _InputIter1 = __gnu_cxx::__normal_iterator<const unsigned char*, vector<unsigned char> >; _InputIter2 = __gnu_cxx::__normal_iterator<const unsigned char*, vector<unsigned char> >; _Comp = __detail::_Synth3way]',
    inlined from 'constexpr std::__detail::__synth3way_t<_Iterator> std::operator<=>(const vector<_Tp, _Alloc>&, const vector<_Tp, _Alloc>&) [with _Tp = unsigned char; _Alloc = allocator<unsigned char>]' at C:/msys64/ucrt64/include/c++/15.2.0/bits/stl_vector.h:2359:52,
    inlined from 'constexpr bool std::less<_Tp>::operator()(const _Tp&, const _Tp&) const [with _Tp = std::vector<unsigned char>]' at C:/msys64/ucrt64/include/c++/15.2.0/bits/stl_function.h:405:20,
    inlined from 'std::pair<typename std::__rb_tree::_Node_traits<_Val, typename __gnu_cxx::__alloc_traits<typename __gnu_cxx::__alloc_traits<_Alloc>::rebind<_Val>::other>::pointer>::_Base_ptr, typename std::__rb_tree::_Node_traits<_Val, typename __gnu_cxx::__alloc_traits<typename __gnu_cxx::__alloc_traits<_Alloc>::rebind<_Val>::other>::pointer>::_Base_ptr> std::_Rb_tree<_Key, _Val, _KeyOfValue, _Compare, _Alloc>::_M_get_insert_unique_pos(const key_type&) [with _Key = std::vector<unsigned char>; _Val = std::vector<unsigned char>; _KeyOfValue = std::_Identity<std::vector<unsigned char> >; _Compare = std::less<std::vector<unsigned char> >; _Alloc = std::allocator<std::vector<unsigned char> >]' at C:/msys64/ucrt64/include/c++/15.2.0/bits/stl_tree.h:2740:35:    
C:/msys64/ucrt64/include/c++/15.2.0/bits/stl_algobase.h:1889:39: warning: 'int __builtin_memcmp(const void*, const void*, long long unsigned int)' specified bound [9223372036854775808, 18446744073709551615] exceeds maximum object size 9223372036854775807 [-Wstringop-overread]
 1889 |                     = __builtin_memcmp(&*__first1, &*__first2, __blen) <=> 0;
      |                       ~~~~~~~~~~~~~~~~^~~~~~~~~~~~~~~~~~~~~~~~~~~~~~~~
[7/37] Building CXX object CMakeFiles/test_non...ir/tests/security/test_nonce_uniqueness.cpp.ob 
In file included from C:/msys64/ucrt64/include/c++/15.2.0/string:53,
                 from C:/Users/vuong/.conan2/p/b/catcha0c126b72a4ea/p/include/catch2/internal/catch_stringref.hpp:12,
                 from C:/Users/vuong/.conan2/p/b/catcha0c126b72a4ea/p/include/catch2/catch_assertion_info.hpp:13,
                 from C:/Users/vuong/.conan2/p/b/catcha0c126b72a4ea/p/include/catch2/internal/catch_assertion_handler.hpp:11,
                 from C:/Users/vuong/.conan2/p/b/catcha0c126b72a4ea/p/include/catch2/internal/catch_test_macro_impl.hpp:12,
                 from C:/Users/vuong/.conan2/p/b/catcha0c126b72a4ea/p/include/catch2/catch_test_macros.hpp:11,
                 from D:/code/filevault/tests/security/test_nonce_uniqueness.cpp:1:
In function 'constexpr decltype (__comp((* __first1), (* __first2))) std::lexicographical_compare_three_way(_InputIter1, _InputIter1, _InputIter2, _InputIter2, _Comp) [with _InputIter1 = __gnu_cxx::__normal_iterator<const unsigned char*, vector<unsigned char> >; _InputIter2 = __gnu_cxx::__normal_iterator<const unsigned char*, vector<unsigned char> >; _Comp = __detail::_Synth3way]',
    inlined from 'constexpr std::__detail::__synth3way_t<_Iterator> std::operator<=>(const vector<_Tp, _Alloc>&, const vector<_Tp, _Alloc>&) [with _Tp = unsigned char; _Alloc = allocator<unsigned char>]' at C:/msys64/ucrt64/include/c++/15.2.0/bits/stl_vector.h:2359:52,
    inlined from 'constexpr bool std::less<_Tp>::operator()(const _Tp&, const _Tp&) const [with _Tp = std::vector<unsigned char>]' at C:/msys64/ucrt64/include/c++/15.2.0/bits/stl_function.h:405:20,
    inlined from 'std::pair<typename std::__rb_tree::_Node_traits<_Val, typename __gnu_cxx::__alloc_traits<typename __gnu_cxx::__alloc_traits<_Alloc>::rebind<_Val>::other>::pointer>::_Base_ptr, typename std::__rb_tree::_Node_traits<_Val, typename __gnu_cxx::__alloc_traits<typename __gnu_cxx::__alloc_traits<_Alloc>::rebind<_Val>::other>::pointer>::_Base_ptr> std::_Rb_tree<_Key, _Val, _KeyOfValue, _Compare, _Alloc>::_M_get_insert_unique_pos(const key_type&) [with _Key = std::vector<unsigned char>; _Val = std::vector<unsigned char>; _KeyOfValue = std::_Identity<std::vector<unsigned char> >; _Compare = std::less<std::vector<unsigned char> >; _Alloc = std::allocator<std::vector<unsigned char> >]' at C:/msys64/ucrt64/include/c++/15.2.0/bits/stl_tree.h:2740:35,    
    inlined from 'std::pair<typename std::__rb_tree::_Node_traits<_Val, typename __gnu_cxx::__alloc_traits<typename __gnu_cxx::__alloc_traits<_Alloc>::rebind<_Val>::other>::pointer>::_Iterator, bool> std::_Rb_tree<_Key, _Val, _KeyOfValue, _Compare, _Alloc>::_M_insert_unique(_Arg&&) [with _Arg = const std::vector<unsigned char>&; _Key = std::vector<unsigned char>; _Val = std::vector<unsigned char>; _KeyOfValue = std::_Identity<std::vector<unsigned char> >; _Compare = std::less<std::vector<unsigned char> >; _Alloc = std::allocator<std::vector<unsigned char> >]' at C:/msys64/ucrt64/include/c++/15.2.0/bits/stl_tree.h:2793:28:
C:/msys64/ucrt64/include/c++/15.2.0/bits/stl_algobase.h:1889:39: warning: 'int __builtin_memcmp(const void*, const void*, long long unsigned int)' specified bound [9223372036854775808, 18446744073709551615] exceeds maximum object size 9223372036854775807 [-Wstringop-overread]
 1889 |                     = __builtin_memcmp(&*__first1, &*__first2, __blen) <=> 0;
      |                       ~~~~~~~~~~~~~~~~^~~~~~~~~~~~~~~~~~~~~~~~~~~~~~~~
[11/37] Building CXX object CMakeFiles/test_sa...dir/tests/security/test_salt_uniqueness.cpp.ob 
In file included from C:/msys64/ucrt64/include/c++/15.2.0/string:53,
                 from C:/Users/vuong/.conan2/p/b/catcha0c126b72a4ea/p/include/catch2/internal/catch_stringref.hpp:12,
                 from C:/Users/vuong/.conan2/p/b/catcha0c126b72a4ea/p/include/catch2/catch_assertion_info.hpp:13,
                 from C:/Users/vuong/.conan2/p/b/catcha0c126b72a4ea/p/include/catch2/internal/catch_assertion_handler.hpp:11,
                 from C:/Users/vuong/.conan2/p/b/catcha0c126b72a4ea/p/include/catch2/internal/catch_test_macro_impl.hpp:12,
                 from C:/Users/vuong/.conan2/p/b/catcha0c126b72a4ea/p/include/catch2/catch_test_macros.hpp:11,
                 from D:/code/filevault/tests/security/test_salt_uniqueness.cpp:1:
In function 'constexpr decltype (__comp((* __first1), (* __first2))) std::lexicographical_compare_three_way(_InputIter1, _InputIter1, _InputIter2, _InputIter2, _Comp) [with _InputIter1 = __gnu_cxx::__normal_iterator<const unsigned char*, vector<unsigned char> >; _InputIter2 = __gnu_cxx::__normal_iterator<const unsigned char*, vector<unsigned char> >; _Comp = __detail::_Synth3way]',
    inlined from 'constexpr std::__detail::__synth3way_t<_Iterator> std::operator<=>(const vector<_Tp, _Alloc>&, const vector<_Tp, _Alloc>&) [with _Tp = unsigned char; _Alloc = allocator<unsigned char>]' at C:/msys64/ucrt64/include/c++/15.2.0/bits/stl_vector.h:2359:52,
    inlined from 'constexpr bool std::less<_Tp>::operator()(const _Tp&, const _Tp&) const [with _Tp = std::vector<unsigned char>]' at C:/msys64/ucrt64/include/c++/15.2.0/bits/stl_function.h:405:20,
    inlined from 'std::pair<typename std::__rb_tree::_Node_traits<_Val, typename __gnu_cxx::__alloc_traits<typename __gnu_cxx::__alloc_traits<_Alloc>::rebind<_Val>::other>::pointer>::_Base_ptr, typename std::__rb_tree::_Node_traits<_Val, typename __gnu_cxx::__alloc_traits<typename __gnu_cxx::__alloc_traits<_Alloc>::rebind<_Val>::other>::pointer>::_Base_ptr> std::_Rb_tree<_Key, _Val, _KeyOfValue, _Compare, _Alloc>::_M_get_insert_unique_pos(const key_type&) [with _Key = std::vector<unsigned char>; _Val = std::vector<unsigned char>; _KeyOfValue = std::_Identity<std::vector<unsigned char> >; _Compare = std::less<std::vector<unsigned char> >; _Alloc = std::allocator<std::vector<unsigned char> >]' at C:/msys64/ucrt64/include/c++/15.2.0/bits/stl_tree.h:2740:35:    
C:/msys64/ucrt64/include/c++/15.2.0/bits/stl_algobase.h:1889:39: warning: 'int __builtin_memcmp(const void*, const void*, long long unsigned int)' specified bound [9223372036854775808, 18446744073709551615] exceeds maximum object size 9223372036854775807 [-Wstringop-overread]
 1889 |                     = __builtin_memcmp(&*__first1, &*__first2, __blen) <=> 0;
      |                       ~~~~~~~~~~~~~~~~^~~~~~~~~~~~~~~~~~~~~~~~~~~~~~~~
[37/37] Linking CXX executable bin\release\filevault.exe                                        
PS D:\code\filevault\build> ctest --test-dir D:\code\filevault\build --output-on-failure --timeout 30
Test project D:/code/filevault/build
      Start  1: NIST_Vectors
 1/15 Test  #1: NIST_Vectors .....................   Passed    0.97 sec
      Start  2: Rainbow_Table
 2/15 Test  #2: Rainbow_Table ....................   Passed    1.03 sec
 2/15 Test  #2: Rainbow_Table ....................   Passed    1.03 sec
      Start  3: Classical_Ciphers
 3/15 Test  #3: Classical_Ciphers ................   Passed    0.91 sec
      Start  4: AES_GCM
      Start  4: AES_GCM
 4/15 Test  #4: AES_GCM ..........................   Passed    1.49 sec
 4/15 Test  #4: AES_GCM ..........................   Passed    1.49 sec
      Start  5: ChaCha20_Poly1305
 5/15 Test  #5: ChaCha20_Poly1305 ................   Passed    1.04 sec
      Start  5: ChaCha20_Poly1305
 5/15 Test  #5: ChaCha20_Poly1305 ................   Passed    1.04 sec
 5/15 Test  #5: ChaCha20_Poly1305 ................   Passed    1.04 sec
      Start  6: KDF
 6/15 Test  #6: KDF ..............................   Passed    2.12 sec
      Start  7: Compression
 7/15 Test  #7: Compression ......................   Passed    1.02 sec
      Start  8: Integration_Flow
 8/15 Test  #8: Integration_Flow .................   Passed    2.19 sec
      Start  9: Security_Nonce_Uniqueness
 9/15 Test  #9: Security_Nonce_Uniqueness ........   Passed    2.87 sec
      Start 10: Security_Salt_Uniqueness
10/15 Test #10: Security_Salt_Uniqueness .........   Passed    1.49 sec
      Start 11: Security_Timing_Attacks
11/15 Test #11: Security_Timing_Attacks ..........   Passed    1.34 sec
      Start 12: Hash_Functions
12/15 Test #12: Hash_Functions ...................   Passed    0.01 sec
      Start 13: Steganography
13/15 Test #13: Steganography ....................   Passed    0.19 sec
      Start 14: Archive_Format
14/15 Test #14: Archive_Format ...................   Passed    0.03 sec
      Start 15: Twofish_GCM
15/15 Test #15: Twofish_GCM ......................   Passed    1.19 sec

100% tests passed, 0 tests failed out of 15

Total Test time (real) =  17.94 sec